#
# A fatal error has been detected by the Java Runtime Environment:
#
#  SIGSEGV (0xb) at pc=0x0000786e31842f20, pid=1332798, tid=1333366
#
# JRE version: OpenJDK Runtime Environment (17.0.19+10) (build 17.0.19+10-1-26.04.2-Ubuntu)
# Java VM: OpenJDK 64-Bit Server VM (17.0.19+10-1-26.04.2-Ubuntu, mixed mode, sharing, tiered, compressed oops, compressed class ptrs, g1 gc, linux-amd64)
# Problematic frame:
# C  [libgallium-26.0.3-1ubuntu1.so+0x642f20]
#
# Core dump will be written. Default location: Core dumps may be processed with "/usr/share/apport/apport -p%p -s%s -c%c -d%d -P%P -u%u -g%g -F%F -- %E" (or dumping to /home/pskorupa/Dokumenty/GitHub/NuvioDesktop/composeApp/core.1332798)
#
# If you would like to submit a bug report, please visit:
#   https://bugs.launchpad.net/ubuntu/+source/openjdk-17
#

---------------  S U M M A R Y ------------

Command Line: -Dapple.awt.application.appearance=NSAppearanceNameDarkAqua -Dcompose.application.configure.swing.globals=true -Dcompose.application.resources.dir=/home/pskorupa/Dokumenty/GitHub/NuvioDesktop/composeApp/build/compose/tmp/prepareAppResources -Djdk.gtk.version=0 --add-opens=java.desktop/java.awt=ALL-UNNAMED --add-opens=java.desktop/sun.lwawt=ALL-UNNAMED --add-opens=java.desktop/sun.lwawt.macosx=ALL-UNNAMED --add-opens=java.desktop/sun.awt.windows=ALL-UNNAMED --add-opens=java.desktop/sun.awt.X11=ALL-UNNAMED --add-exports=java.base/java.lang=ALL-UNNAMED --add-exports=java.desktop/sun.awt=ALL-UNNAMED --add-exports=java.desktop/sun.java2d=ALL-UNNAMED -Dfile.encoding=UTF-8 -Duser.country=PL -Duser.language=pl -Duser.variant com.nuvio.app.MainKt

Host: Intel(R) Core(TM) Ultra 7 265H, 16 cores, 61G, Ubuntu 26.04 LTS
Time: Wed Jul 15 09:48:57 2026 CEST elapsed time: 58.828617 seconds (0d 0h 0m 58s)

---------------  T H R E A D  ---------------

Current thread is native thread

Stack: [0x0000786d21000000,0x0000786d21800000],  sp=0x0000786d217fc9f0,  free space=8178k
Native frames: (J=compiled Java code, j=interpreted, Vv=VM code, C=native code)
C  [libgallium-26.0.3-1ubuntu1.so+0x642f20]
C  [libgallium-26.0.3-1ubuntu1.so+0x1b9838]
C  [libgallium-26.0.3-1ubuntu1.so+0x1f3187]
C  [libgallium-26.0.3-1ubuntu1.so+0x2077df]
C  [libgallium-26.0.3-1ubuntu1.so+0x1d7bf3]
C  [libgallium-26.0.3-1ubuntu1.so+0x1db1b3]
C  [libgallium-26.0.3-1ubuntu1.so+0x1e1d29]
C  [libmpv.so.2+0x1bfd8d]
C  [libmpv.so.2+0x14f0d6]
C  [libmpv.so.2+0x14f52b]
C  [libmpv.so.2+0x152134]
C  [libmpv.so.2+0x13caca]
C  [libmpv.so.2+0x15cf6c]  mpv_render_context_render+0x1cc


siginfo: si_signo: 11 (SIGSEGV), si_code: 1 (SEGV_MAPERR), si_addr: 0x00000000000003b0

Registers:
RAX=0x0000000000000075, RBX=0x0000000000000027, RCX=0x0000000000000000, RDX=0x0000000000000044
RSP=0x0000786d217fc9f0, RBP=0x0000786d217fca30, RSI=0x00000000800b0851, RDI=0x0000786e68c5fa00
R8 =0x421e843d7af3d2e1, R9 =0x00000000800b0851, R10=0x0000000000010000, R11=0x0000000000000800
R12=0x00000000000003a8, R13=0x0000000000000027, R14=0x0000786e68c5fa00, R15=0x0000000000000097
RIP=0x0000786e31842f20, EFLAGS=0x0000000000010206, CSGSFS=0x002b000000000033, ERR=0x0000000000000004
  TRAPNO=0x000000000000000e

XMM[0]=0x0000000000000000 0x000000003f800000
XMM[1]=0x0000000000000000 0x0000000000000000
XMM[2]=0xffffffffff451010 0xffffffffff67f7d9
XMM[3]=0xffffffffff451010 0xffffffffff67f7d9
XMM[4]=0x0000000000000000 0x3fe0000000000000
XMM[5]=0x0000000000000000 0x000000000200021c
XMM[6]=0x0000000000000000 0x00000000fffffffe
XMM[7]=0x0000000000000000 0x0000000008010000
XMM[8]=0x0000000000000000 0x0000000000000000
XMM[9]=0x0000000000000000 0x0000000000000000
